2026-07-13T00:57:13+00:00 c20_e2e_probe_start artifact_dir=/tmp/c25-2-hdmi-acceptance/wizard-flow
2026-07-13T00:57:14+00:00 RUN /opt/totem/bin/totem_open_settings_cleanup.sh --reason c20-e2e-probe-preclean
2026-07-13T00:57:16+00:00 RC 0 :: /opt/totem/bin/totem_open_settings_cleanup.sh --reason c20-e2e-probe-preclean
2026-07-13T00:57:16+00:00 RUN systemctl reset-failed totem-open-settings.service
2026-07-13T00:57:16+00:00 RC 0 :: systemctl reset-failed totem-open-settings.service
2026-07-13T00:57:16+00:00 RUN systemctl start kiosky-player.service
2026-07-13T00:57:16+00:00 RC 0 :: systemctl start kiosky-player.service
2026-07-13T00:57:17+00:00 start_open_settings_service
2026-07-13T00:57:22+00:00 wizard_seen_at=6s
b99f86ebde7027d2b1316e5f57dabaa1d40681f3544d718295e54695171cb3a5  /tmp/c25-2-hdmi-acceptance/wizard-flow/captures/01-opened.jpg
2026-07-13T00:57:24+00:00 latest_screen 01-opened 0001-01-orientation.svg
2026-07-13T00:57:24+00:00 navigate_to_review
2026-07-13T00:57:24+00:00 RUN /tmp/c20_uinput_key_sequence.py --keys up,right,right,right --delay-sec 0.45
uinput_sequence_sent count=4
2026-07-13T00:57:27+00:00 RC 0 :: /tmp/c20_uinput_key_sequence.py --keys up,right,right,right --delay-sec 0.45
0563dbd761421ff233aba12663656d1d7ddb6f1a8225fae5441ab1b012cee554  /tmp/c25-2-hdmi-acceptance/wizard-flow/captures/02-review-attempt.jpg
2026-07-13T00:57:30+00:00 latest_screen 02-review-attempt 0005-05-review.svg
2026-07-13T00:57:30+00:00 enter_on_review_or_current
2026-07-13T00:57:30+00:00 RUN /tmp/c20_uinput_key_sequence.py --keys enter --delay-sec 0.45
uinput_sequence_sent count=1
2026-07-13T00:57:31+00:00 RC 0 :: /tmp/c20_uinput_key_sequence.py --keys enter --delay-sec 0.45
30d65c400695aa96b54773ef9794be3b4afb14af67cd89b74a09ff0c64bc7246  /tmp/c25-2-hdmi-acceptance/wizard-flow/captures/03-enter-after-review.jpg
2026-07-13T00:57:34+00:00 latest_screen 03-enter-after-review 0006-05-review.svg
2026-07-13T00:57:34+00:00 cancel_with_q
2026-07-13T00:57:34+00:00 RUN /tmp/c20_uinput_key_sequence.py --keys q --delay-sec 0.45
uinput_sequence_sent count=1
2026-07-13T00:57:35+00:00 RC 0 :: /tmp/c20_uinput_key_sequence.py --keys q --delay-sec 0.45
2026-07-13T00:57:36+00:00 RUN /opt/totem/bin/totem_open_settings_cleanup.sh --reason c20-e2e-probe-final
2026-07-13T00:57:37+00:00 RC 0 :: /opt/totem/bin/totem_open_settings_cleanup.sh --reason c20-e2e-probe-final
2026-07-13T00:57:37+00:00 RUN systemctl reset-failed totem-open-settings.service
2026-07-13T00:57:37+00:00 RC 0 :: systemctl reset-failed totem-open-settings.service
2026-07-13T00:57:37+00:00 RUN systemctl start kiosky-player.service
2026-07-13T00:57:38+00:00 RC 0 :: systemctl start kiosky-player.service
2026-07-13T00:57:42+00:00 c20_e2e_probe_done
