{
  "after": {
    "current_exists": true,
    "current_link": "releases/c18.player-runtime-homolog-20260713-c25b-recovery-8ce9bb8",
    "last_operation": {
      "finished_at_utc": "2026-07-13T06:22:46Z",
      "lab_reapply_linked_previous": true,
      "source": "lab-local:dadooh-player-runtime-c18.player-runtime-homolog-20260713-c25b-recovery-8ce9bb8.manifest.json:linked-previous",
      "started_at_utc": "2026-07-13T06:21:48Z",
      "status": "success",
      "type": "apply",
      "version": "c18.player-runtime-homolog-20260713-c25b-recovery-8ce9bb8"
    },
    "previous_exists": true,
    "previous_link": "releases/c18.player-runtime-homolog-20260710-c23-ipc-fe4347c",
    "state_current_version": "c18.player-runtime-homolog-20260713-c25b-recovery-8ce9bb8",
    "state_previous_version": "c18.player-runtime-homolog-20260710-c23-ipc-fe4347c"
  },
  "before": {
    "current_exists": true,
    "current_link": "releases/c18.player-runtime-homolog-20260710-c23-ipc-fe4347c",
    "last_operation": {
      "finished_at_utc": "2026-07-13T06:20:31Z",
      "reason": "manual_reconcile",
      "started_at_utc": "2026-07-13T06:20:31Z",
      "status": "current_verified",
      "type": "reconcile",
      "verified": "releases/c18.player-runtime-homolog-20260710-c23-ipc-fe4347c"
    },
    "previous_exists": true,
    "previous_link": "releases/c18.player-runtime-homolog-20260713-c25b-recovery-8ce9bb8",
    "state_current_version": "c18.player-runtime-homolog-20260710-c23-ipc-fe4347c",
    "state_previous_version": "c18.player-runtime-homolog-20260713-c25b-recovery-8ce9bb8"
  },
  "channel": "homologation",
  "component": "player-runtime",
  "data_root": "/data",
  "device_data_root": true,
  "github_used": false,
  "network_required": false,
  "output_dir": "/tmp/c25b-board-reapply-8ce9bb8",
  "panfrost_fault_policy": "delta",
  "passed": true,
  "public_cli_apply_still_frozen": {
    "frozen": true,
    "returncode": 44
  },
  "public_cli_reconcile_still_frozen": {
    "frozen": true,
    "returncode": 44
  },
  "rc": 0,
  "reapply_linked_previous": true,
  "schema": "dadooh.c18.player_runtime.lab_apply.v1",
  "version": "c18.player-runtime-homolog-20260713-c25b-recovery-8ce9bb8"
}
