2026-07-08T02:42:17-03:00
trigger=active
player=active
settings=inactive
failed=inactive
uinput_sequence_sent count=1
after_trigger_settings=activating
531551 bash -c rm -rf /tmp/c20-f10-uinput-probe-v2; mkdir -p /tmp/c20-f10-uinput-probe-v2; { date -Is; echo trigger=$(systemctl is-active totem-settings-trigger.service || true); echo player=$(systemctl is-active kiosky-player.service || true); echo settings=$(systemctl is-active totem-open-settings.service || true); echo failed=$(systemctl is-failed totem-open-settings.service || true); chmod +x /tmp/c20_uinput_key_sequence.py /tmp/c20_board_open_wizard_probe.sh; /tmp/c20_uinput_key_sequence.py --keys f10 --hold-sec 15 --delay-sec 0.2; sleep 3; echo after_trigger_settings=$(systemctl is-active totem-open-settings.service || true); pgrep -af "totem_setup_visual_wizard|totem_open_settings_session|openvt" || true; } > /tmp/c20-f10-uinput-probe-v2/f10-trigger.log 2>&1; /tmp/c20_board_open_wizard_probe.sh /tmp/c20-f10-uinput-probe-v2/session-probe >> /tmp/c20-f10-uinput-probe-v2/f10-trigger.log 2>&1
531643 bash /data/core/totem/current/bin/totem_open_settings_session.sh --mode interactive --expect any --tty 2 --timeout-sec 7200 --out-dir /tmp/dadooh-c10-6-2-open-settings/session --wizard-out-dir /tmp/dadooh-c10-6-2-visual-wizard --handoff-out-dir /tmp/dadooh-c10-6-2-handoff --writer-out-dir /tmp/dadooh-c10-6-2-writer --apply-policy-path /run/dadooh-settings/apply-policy.json --request-dir /run/dadooh-settings --lock-dir /run/totem/settings-session.lock --apply-mode policy --private-settings-context-path /data/state/totem-settings/last-settings.json
531785 openvt -c 2 -s -f -w -- env TERM=linux PYTHONPATH=/data/core/totem/current/bin TOTEM_VISUAL_WIZARD_APPLY_CONTEXT=real-write TOTEM_VISUAL_WIZARD_HOMOLOGATION_MODE=true /usr/bin/python3 /data/core/totem/current/bin/totem_setup_visual_wizard.py --out-dir /tmp/dadooh-c10-6-2-visual-wizard --private-settings-context-path /data/state/totem-settings/last-settings.json
531788 /usr/bin/python3 /data/core/totem/current/bin/totem_setup_visual_wizard.py --out-dir /tmp/dadooh-c10-6-2-visual-wizard --private-settings-context-path /data/state/totem-settings/last-settings.json
2026-07-08T02:42:36-03:00 c20_open_wizard_probe_start artifact_dir=/tmp/c20-f10-uinput-probe-v2/session-probe
2026-07-08T02:42:37-03:00 wizard_seen_at=1s
2026-07-08T02:42:38-03:00 latest_screen 01-current-opened 0001-01-orientation.svg
2026-07-08T02:42:38-03:00 navigate_to_review_from_current_session
2026-07-08T02:42:38-03:00 RUN /tmp/c20_uinput_key_sequence.py --keys up,right,right,right --delay-sec 0.45
2026-07-08T02:42:41-03:00 RC 0 :: /tmp/c20_uinput_key_sequence.py --keys up,right,right,right --delay-sec 0.45
2026-07-08T02:42:44-03:00 latest_screen 02-review 0005-05-review.svg
2026-07-08T02:42:44-03:00 enter_on_review
2026-07-08T02:42:44-03:00 RUN /tmp/c20_uinput_key_sequence.py --keys enter --delay-sec 0.45
2026-07-08T02:42:45-03:00 RC 0 :: /tmp/c20_uinput_key_sequence.py --keys enter --delay-sec 0.45
2026-07-08T02:42:48-03:00 latest_screen 03-enter-after-review 0006-05-review.svg
2026-07-08T02:42:48-03:00 cancel_with_q
2026-07-08T02:42:48-03:00 RUN /tmp/c20_uinput_key_sequence.py --keys q --delay-sec 0.45
2026-07-08T02:42:49-03:00 RC 0 :: /tmp/c20_uinput_key_sequence.py --keys q --delay-sec 0.45
2026-07-08T02:42:51-03:00 RUN /opt/totem/bin/totem_open_settings_cleanup.sh --reason c20-open-wizard-probe-final
2026-07-08T02:42:51-03:00 RC 0 :: /opt/totem/bin/totem_open_settings_cleanup.sh --reason c20-open-wizard-probe-final
2026-07-08T02:42:51-03:00 RUN systemctl reset-failed totem-open-settings.service
2026-07-08T02:42:51-03:00 RC 0 :: systemctl reset-failed totem-open-settings.service
2026-07-08T02:42:51-03:00 RUN systemctl start kiosky-player.service
2026-07-08T02:42:51-03:00 RC 0 :: systemctl start kiosky-player.service
2026-07-08T02:42:55-03:00 c20_open_wizard_probe_done
