2026-07-15T01:33:03+00:00 c20_e2e_probe_start artifact_dir=/tmp/c21-15-board-visual
2026-07-15T01:33:04+00:00 RUN /opt/totem/bin/totem_open_settings_cleanup.sh --reason c20-e2e-probe-preclean
2026-07-15T01:33:06+00:00 RC 0 :: /opt/totem/bin/totem_open_settings_cleanup.sh --reason c20-e2e-probe-preclean
2026-07-15T01:33:06+00:00 RUN systemctl reset-failed totem-open-settings.service
2026-07-15T01:33:06+00:00 RC 0 :: systemctl reset-failed totem-open-settings.service
2026-07-15T01:33:06+00:00 RUN systemctl start kiosky-player.service
2026-07-15T01:33:06+00:00 RC 0 :: systemctl start kiosky-player.service
2026-07-15T01:33:07+00:00 start_open_settings_service
2026-07-15T01:33:13+00:00 wizard_seen_at=7s
dfad02bdd8383a7413cbf341340dc17401b52c38839f160d168f7d58178c14c3  /tmp/c21-15-board-visual/captures/01-opened.jpg
2026-07-15T01:33:15+00:00 latest_screen 01-opened 0001-01-orientation.svg
2026-07-15T01:33:15+00:00 navigate_to_review
2026-07-15T01:33:15+00:00 RUN /tmp/c20_uinput_key_sequence.py --keys up,right,right,right --delay-sec 0.45
uinput_sequence_sent count=4
2026-07-15T01:33:18+00:00 RC 0 :: /tmp/c20_uinput_key_sequence.py --keys up,right,right,right --delay-sec 0.45
1092e3bb4e9f680bef73a36051a8fc34e242002df238bc6d8823216d03776ae1  /tmp/c21-15-board-visual/captures/02-review-attempt.jpg
2026-07-15T01:33:21+00:00 latest_screen 02-review-attempt 0005-05-review.svg
2026-07-15T01:33:21+00:00 enter_on_review_or_current
2026-07-15T01:33:21+00:00 RUN /tmp/c20_uinput_key_sequence.py --keys enter --delay-sec 0.45
uinput_sequence_sent count=1
2026-07-15T01:33:22+00:00 RC 0 :: /tmp/c20_uinput_key_sequence.py --keys enter --delay-sec 0.45
d0ce4cfa777b9a951b093dc59bf652755ad53f9fb0147f72584fd855d222f00a  /tmp/c21-15-board-visual/captures/03-enter-after-review.jpg
2026-07-15T01:33:25+00:00 latest_screen 03-enter-after-review 0006-05-review.svg
2026-07-15T01:33:25+00:00 cancel_with_q
2026-07-15T01:33:25+00:00 RUN /tmp/c20_uinput_key_sequence.py --keys q --delay-sec 0.45
uinput_sequence_sent count=1
2026-07-15T01:33:26+00:00 RC 0 :: /tmp/c20_uinput_key_sequence.py --keys q --delay-sec 0.45
2026-07-15T01:33:56+00:00 RUN /opt/totem/bin/totem_open_settings_cleanup.sh --reason c20-e2e-probe-final
2026-07-15T01:33:58+00:00 RC 0 :: /opt/totem/bin/totem_open_settings_cleanup.sh --reason c20-e2e-probe-final
2026-07-15T01:33:58+00:00 RUN systemctl reset-failed totem-open-settings.service
2026-07-15T01:33:58+00:00 RC 0 :: systemctl reset-failed totem-open-settings.service
2026-07-15T01:33:58+00:00 RUN systemctl start kiosky-player.service
2026-07-15T01:33:58+00:00 RC 0 :: systemctl start kiosky-player.service
2026-07-15T01:34:02+00:00 c20_e2e_probe_done
