2026-07-14T23:30:19+00:00 c20_e2e_probe_start artifact_dir=/tmp/c21-13-visual-e2e-r3
2026-07-14T23:30:20+00:00 RUN /opt/totem/bin/totem_open_settings_cleanup.sh --reason c20-e2e-probe-preclean
2026-07-14T23:30:22+00:00 RC 0 :: /opt/totem/bin/totem_open_settings_cleanup.sh --reason c20-e2e-probe-preclean
2026-07-14T23:30:22+00:00 RUN systemctl reset-failed totem-open-settings.service
2026-07-14T23:30:22+00:00 RC 0 :: systemctl reset-failed totem-open-settings.service
2026-07-14T23:30:22+00:00 RUN systemctl start kiosky-player.service
2026-07-14T23:30:22+00:00 RC 0 :: systemctl start kiosky-player.service
2026-07-14T23:30:23+00:00 start_open_settings_service
2026-07-14T23:30:30+00:00 wizard_seen_at=7s
f69b57ae8f4fc5f638a35c3f8790c9f45fe1fa90dbf45062d21a2f7e8cc51299  /tmp/c21-13-visual-e2e-r3/captures/01-opened.jpg
2026-07-14T23:30:32+00:00 latest_screen 01-opened 0001-01-orientation.svg
2026-07-14T23:30:32+00:00 navigate_to_review
2026-07-14T23:30:32+00:00 RUN /tmp/c20_uinput_key_sequence.py --keys up,right,right,right --delay-sec 0.45
uinput_sequence_sent count=4
2026-07-14T23:30:34+00:00 RC 0 :: /tmp/c20_uinput_key_sequence.py --keys up,right,right,right --delay-sec 0.45
7e29041d944e50c9931e8211dbe3fee3974788c0955e425c93a66897fdc36fbe  /tmp/c21-13-visual-e2e-r3/captures/02-review-attempt.jpg
2026-07-14T23:30:37+00:00 latest_screen 02-review-attempt 0005-05-review.svg
2026-07-14T23:30:37+00:00 enter_on_review_or_current
2026-07-14T23:30:37+00:00 RUN /tmp/c20_uinput_key_sequence.py --keys enter --delay-sec 0.45
uinput_sequence_sent count=1
2026-07-14T23:30:38+00:00 RC 0 :: /tmp/c20_uinput_key_sequence.py --keys enter --delay-sec 0.45
d5861b9d048c93bb6287865d58b22a7230950a0a817cf6b31308047deca11acc  /tmp/c21-13-visual-e2e-r3/captures/03-enter-after-review.jpg
2026-07-14T23:30:41+00:00 latest_screen 03-enter-after-review 0006-05-review.svg
2026-07-14T23:30:41+00:00 cancel_with_q
2026-07-14T23:30:41+00:00 RUN /tmp/c20_uinput_key_sequence.py --keys q --delay-sec 0.45
uinput_sequence_sent count=1
2026-07-14T23:30:43+00:00 RC 0 :: /tmp/c20_uinput_key_sequence.py --keys q --delay-sec 0.45
2026-07-14T23:31:12+00:00 RUN /opt/totem/bin/totem_open_settings_cleanup.sh --reason c20-e2e-probe-final
2026-07-14T23:31:14+00:00 RC 0 :: /opt/totem/bin/totem_open_settings_cleanup.sh --reason c20-e2e-probe-final
2026-07-14T23:31:14+00:00 RUN systemctl reset-failed totem-open-settings.service
2026-07-14T23:31:14+00:00 RC 0 :: systemctl reset-failed totem-open-settings.service
2026-07-14T23:31:14+00:00 RUN systemctl start kiosky-player.service
2026-07-14T23:31:14+00:00 RC 0 :: systemctl start kiosky-player.service
2026-07-14T23:31:18+00:00 c20_e2e_probe_done
